com/wookler/server/common/model/ServerException.class
com/wookler/server/common/AbstractCounter.class
com/wookler/server/common/SystemStartupLock.class
com/wookler/server/common/config/ConfigAttributes.class
com/wookler/server/common/config/ConfigValueList.class
com/wookler/server/common/AbstractMeasure.class
com/wookler/server/common/EClientState.class
com/wookler/server/common/MonitoredThread.class
com/wookler/server/common/ClientState.class
com/wookler/server/common/ErrorCodes$ErrorCodeConstants.class
com/wookler/server/common/AppInfo.class
com/wookler/server/common/config/Config$Constants.class
com/wookler/server/common/Reusable.class
com/wookler/server/common/ObjectBuf$ObjectProto$1.class
com/wookler/server/common/config/ConfigValue.class
com/wookler/server/common/ObjectBuf$ObjectArrayProtoOrBuilder.class
com/wookler/server/common/utils/console/ConsolePasswordInput.class
com/wookler/server/common/ManagedTask.class
com/wookler/server/common/TimeWindowException.class
com/wookler/server/common/config/AbstractConfigNode.class
com/wookler/server/common/structs/ConcurrentCircularList.class
com/wookler/server/common/Task.class
com/wookler/server/common/service/IServer.class
com/wookler/server/common/model/ServiceException.class
com/wookler/server/common/TaskManager.class
com/wookler/server/common/ObjectBuf$ObjectProtoOrBuilder.class
com/wookler/server/common/structs/ACL$Constants.class
com/wookler/server/common/Counter.class
com/wookler/server/common/ProcessState.class
com/wookler/server/common/utils/NetUtils$EAddressType.class
com/wookler/server/common/counter/LogHeartbeatLogger.class
com/wookler/server/common/Monitor$1.class
com/wookler/server/common/model/ObjectByteParser.class
com/wookler/server/common/Heartbeat.class
com/wookler/server/common/ObjectBuf$ObjectProto$Builder.class
com/wookler/server/common/model/EResponseCodes.class
com/wookler/server/common/config/ConfigParams$Constants.class
com/wookler/server/common/Monitor$Constants.class
com/wookler/server/common/ServiceSpec$EServiceControl.class
com/wookler/server/common/PooledThreadFactory.class
com/wookler/server/common/utils/FileUtils$FileMode.class
com/wookler/server/common/structs/ConcurrentCircularList$Element.class
com/wookler/server/common/model/FatalServiceException.class
com/wookler/server/common/config/URLConfigLoader.class
com/wookler/server/common/utils/console/TextDevices.class
com/wookler/server/common/Configurable.class
com/wookler/server/common/utils/NetUtils.class
com/wookler/server/common/utils/FileUtils.class
com/wookler/server/common/CounterLogger.class
com/wookler/server/common/ConfigurationException.class
com/wookler/server/common/OperationTimeoutException.class
com/wookler/server/common/service/ServiceNotFoundException.class
com/wookler/server/common/ObjectBuf$ObjectProto.class
com/wookler/server/common/HeartbeatLogger.class
com/wookler/server/common/TaskManager$Constants.class
com/wookler/server/common/Monitor$MonitorConfig.class
com/wookler/server/common/config/ConfigPath.class
com/wookler/server/common/config/CParam.class
com/wookler/server/common/utils/console/CharacterDevice.class
com/wookler/server/common/config/ConfigUtils.class
com/wookler/server/common/GlobalConstants.class
com/wookler/server/common/DataNotFoundException.class
com/wookler/server/common/TaskState.class
com/wookler/server/common/utils/console/ConsoleDevice.class
com/wookler/server/common/utils/console/TextDevice.class
com/wookler/server/common/BlockedOnStateCallback.class
com/wookler/server/common/model/Serializer.class
com/wookler/server/common/MonitoredLock.class
com/wookler/server/common/Monitor.class
com/wookler/server/common/ObjectState.class
com/wookler/server/common/config/Config$ConfigConstants.class
com/wookler/server/common/config/Config.class
com/wookler/server/common/Env$Constants.class
com/wookler/server/common/structs/KeyedObject.class
com/wookler/server/common/ObjectBuf$1.class
com/wookler/server/common/model/SerializerRegistry$ByteSerializer.class
com/wookler/server/common/model/SerializerRegistry$UTF8StringSerializer.class
com/wookler/server/common/EObjectState.class
com/wookler/server/common/TimeWindow.class
com/wookler/server/common/ReusableObjectFactory.class
com/wookler/server/common/service/FailedServiceCall.class
com/wookler/server/common/structs/ACL.class
com/wookler/server/common/Average.class
com/wookler/server/common/structs/StaticCircularList.class
com/wookler/server/common/Count.class
com/wookler/server/common/utils/Monitoring.class
com/wookler/server/common/model/SerializerRegistry.class
com/wookler/server/common/utils/ReflectionUtils.class
com/wookler/server/common/TaskState$ETaskState.class
com/wookler/server/common/ObjectBuf.class
com/wookler/server/common/ServiceSpec.class
com/wookler/server/common/HeartbeatLive.class
com/wookler/server/common/EProcessState.class
com/wookler/server/common/Monitor$Runner.class
com/wookler/server/common/counter/LogCounterLogger.class
com/wookler/server/common/Env.class
com/wookler/server/common/ErrorCodes.class
com/wookler/server/common/ObjectBuf$ObjectArrayProto$Builder.class
com/wookler/server/common/utils/console/ConsoleException.class
com/wookler/server/common/AbstractCounter$Mode.class
com/wookler/server/common/config/ConfigParams.class
com/wookler/server/common/LockTimeoutException.class
com/wookler/server/common/utils/TimeUtils.class
com/wookler/server/common/BlockedOnState.class
com/wookler/server/common/Monitor$MonitorException.class
com/wookler/server/common/Task$TaskException.class
com/wookler/server/common/EBlockingState.class
com/wookler/server/common/config/CPath.class
com/wookler/server/common/ObjectBuf$ObjectArrayProto.class
com/wookler/server/common/AbstractState.class
com/wookler/server/common/utils/FileUtils$Constants.class
com/wookler/server/common/ObjectBuf$ObjectArrayProto$1.class
com/wookler/server/common/utils/LogUtils.class
com/wookler/server/common/config/ConfigNode.class
com/wookler/server/common/config/URLConfigLoader$Constants.class
com/wookler/server/common/StateException.class
com/wookler/server/common/model/SerializerRegistry$Constants.class
com/wookler/server/common/TimeWindow$1.class
com/wookler/server/common/Task$TaskResponse.class
