/work/dev/openriver/wookler-common/common/src/main/java/com/wookler/server/common/Average.java
/work/dev/openriver/wookler-common/common/src/main/java/com/wookler/server/common/EClientState.java
/work/dev/openriver/wookler-common/common/src/main/java/com/wookler/server/common/AppInfo.java
/work/dev/openriver/wookler-common/common/src/main/java/com/wookler/server/common/MonitoredThread.java
/work/dev/openriver/wookler-common/common/src/main/java/com/wookler/server/common/utils/LogUtils.java
/work/dev/openriver/wookler-common/common/src/main/java/com/wookler/server/common/utils/console/CharacterDevice.java
/work/dev/openriver/wookler-common/common/src/main/java/com/wookler/server/common/OperationTimeoutException.java
/work/dev/openriver/wookler-common/common/src/main/java/com/wookler/server/common/config/ConfigAttributes.java
/work/dev/openriver/wookler-common/common/src/main/java/com/wookler/server/common/counter/LogHeartbeatLogger.java
/work/dev/openriver/wookler-common/common/src/main/java/com/wookler/server/common/model/ObjectByteParser.java
/work/dev/openriver/wookler-common/common/src/main/java/com/wookler/server/common/EObjectState.java
/work/dev/openriver/wookler-common/common/src/main/java/com/wookler/server/common/model/Serializer.java
/work/dev/openriver/wookler-common/common/src/main/java/com/wookler/server/common/ClientState.java
/work/dev/openriver/wookler-common/common/src/main/java/com/wookler/server/common/Reusable.java
/work/dev/openriver/wookler-common/common/src/main/java/com/wookler/server/common/ObjectBuf.java
/work/dev/openriver/wookler-common/common/src/main/java/com/wookler/server/common/ManagedTask.java
/work/dev/openriver/wookler-common/common/src/main/java/com/wookler/server/common/config/ConfigNode.java
/work/dev/openriver/wookler-common/common/src/main/java/com/wookler/server/common/ReusableObjectFactory.java
/work/dev/openriver/wookler-common/common/src/main/java/com/wookler/server/common/service/FailedServiceCall.java
/work/dev/openriver/wookler-common/common/src/main/java/com/wookler/server/common/AbstractState.java
/work/dev/openriver/wookler-common/common/src/main/java/com/wookler/server/common/config/ConfigPath.java
/work/dev/openriver/wookler-common/common/src/main/java/com/wookler/server/common/ProcessState.java
/work/dev/openriver/wookler-common/common/src/main/java/com/wookler/server/common/ObjectState.java
/work/dev/openriver/wookler-common/common/src/main/java/com/wookler/server/common/BlockedOnState.java
/work/dev/openriver/wookler-common/common/src/main/java/com/wookler/server/common/Count.java
/work/dev/openriver/wookler-common/common/src/main/java/com/wookler/server/common/Task.java
/work/dev/openriver/wookler-common/common/src/main/java/com/wookler/server/common/utils/Monitoring.java
/work/dev/openriver/wookler-common/common/src/main/java/com/wookler/server/common/config/ConfigValueList.java
/work/dev/openriver/wookler-common/common/src/main/java/com/wookler/server/common/config/URLConfigLoader.java
/work/dev/openriver/wookler-common/common/src/main/java/com/wookler/server/common/structs/KeyedObject.java
/work/dev/openriver/wookler-common/common/src/main/java/com/wookler/server/common/model/SerializerRegistry.java
/work/dev/openriver/wookler-common/common/src/main/java/com/wookler/server/common/model/FatalServiceException.java
/work/dev/openriver/wookler-common/common/src/main/java/com/wookler/server/common/config/CParam.java
/work/dev/openriver/wookler-common/common/src/main/java/com/wookler/server/common/model/ServiceException.java
/work/dev/openriver/wookler-common/common/src/main/java/com/wookler/server/common/TimeWindow.java
/work/dev/openriver/wookler-common/common/src/main/java/com/wookler/server/common/structs/StaticCircularList.java
/work/dev/openriver/wookler-common/common/src/main/java/com/wookler/server/common/SystemStartupLock.java
/work/dev/openriver/wookler-common/common/src/main/java/com/wookler/server/common/StateException.java
/work/dev/openriver/wookler-common/common/src/main/java/com/wookler/server/common/TaskState.java
/work/dev/openriver/wookler-common/common/src/main/java/com/wookler/server/common/utils/FileUtils.java
/work/dev/openriver/wookler-common/common/src/main/java/com/wookler/server/common/config/ConfigUtils.java
/work/dev/openriver/wookler-common/common/src/main/java/com/wookler/server/common/Monitor.java
/work/dev/openriver/wookler-common/common/src/main/java/com/wookler/server/common/ServiceSpec.java
/work/dev/openriver/wookler-common/common/src/main/java/com/wookler/server/common/utils/console/TextDevices.java
/work/dev/openriver/wookler-common/common/src/main/java/com/wookler/server/common/DataNotFoundException.java
/work/dev/openriver/wookler-common/common/src/main/java/com/wookler/server/common/utils/console/TextDevice.java
/work/dev/openriver/wookler-common/common/src/main/java/com/wookler/server/common/config/ConfigParams.java
/work/dev/openriver/wookler-common/common/src/main/java/com/wookler/server/common/AbstractCounter.java
/work/dev/openriver/wookler-common/common/src/main/java/com/wookler/server/common/config/Config.java
/work/dev/openriver/wookler-common/common/src/main/java/com/wookler/server/common/Counter.java
/work/dev/openriver/wookler-common/common/src/main/java/com/wookler/server/common/ErrorCodes.java
/work/dev/openriver/wookler-common/common/src/main/java/com/wookler/server/common/structs/ACL.java
/work/dev/openriver/wookler-common/common/src/main/java/com/wookler/server/common/LockTimeoutException.java
/work/dev/openriver/wookler-common/common/src/main/java/com/wookler/server/common/PooledThreadFactory.java
/work/dev/openriver/wookler-common/common/src/main/java/com/wookler/server/common/Configurable.java
/work/dev/openriver/wookler-common/common/src/main/java/com/wookler/server/common/Env.java
/work/dev/openriver/wookler-common/common/src/main/java/com/wookler/server/common/service/IServer.java
/work/dev/openriver/wookler-common/common/src/main/java/com/wookler/server/common/config/CPath.java
/work/dev/openriver/wookler-common/common/src/main/java/com/wookler/server/common/GlobalConstants.java
/work/dev/openriver/wookler-common/common/src/main/java/com/wookler/server/common/AbstractMeasure.java
/work/dev/openriver/wookler-common/common/src/main/java/com/wookler/server/common/HeartbeatLogger.java
/work/dev/openriver/wookler-common/common/src/main/java/com/wookler/server/common/TimeWindowException.java
/work/dev/openriver/wookler-common/common/src/main/java/com/wookler/server/common/service/ServiceNotFoundException.java
/work/dev/openriver/wookler-common/common/src/main/java/com/wookler/server/common/structs/ConcurrentCircularList.java
/work/dev/openriver/wookler-common/common/src/main/java/com/wookler/server/common/CounterLogger.java
/work/dev/openriver/wookler-common/common/src/main/java/com/wookler/server/common/BlockedOnStateCallback.java
/work/dev/openriver/wookler-common/common/src/main/java/com/wookler/server/common/Heartbeat.java
/work/dev/openriver/wookler-common/common/src/main/java/com/wookler/server/common/utils/TimeUtils.java
/work/dev/openriver/wookler-common/common/src/main/java/com/wookler/server/common/config/AbstractConfigNode.java
/work/dev/openriver/wookler-common/common/src/main/java/com/wookler/server/common/TaskManager.java
/work/dev/openriver/wookler-common/common/src/main/java/com/wookler/server/common/utils/console/ConsoleException.java
/work/dev/openriver/wookler-common/common/src/main/java/com/wookler/server/common/utils/ReflectionUtils.java
/work/dev/openriver/wookler-common/common/src/main/java/com/wookler/server/common/model/EResponseCodes.java
/work/dev/openriver/wookler-common/common/src/main/java/com/wookler/server/common/ConfigurationException.java
/work/dev/openriver/wookler-common/common/src/main/java/com/wookler/server/common/HeartbeatLive.java
/work/dev/openriver/wookler-common/common/src/main/java/com/wookler/server/common/MonitoredLock.java
/work/dev/openriver/wookler-common/common/src/main/java/com/wookler/server/common/utils/NetUtils.java
/work/dev/openriver/wookler-common/common/src/main/java/com/wookler/server/common/config/ConfigValue.java
/work/dev/openriver/wookler-common/common/src/main/java/com/wookler/server/common/model/ServerException.java
/work/dev/openriver/wookler-common/common/src/main/java/com/wookler/server/common/EProcessState.java
/work/dev/openriver/wookler-common/common/src/main/java/com/wookler/server/common/counter/LogCounterLogger.java
/work/dev/openriver/wookler-common/common/src/main/java/com/wookler/server/common/EBlockingState.java
/work/dev/openriver/wookler-common/common/src/main/java/com/wookler/server/common/utils/console/ConsolePasswordInput.java
/work/dev/openriver/wookler-common/common/src/main/java/com/wookler/server/common/utils/console/ConsoleDevice.java
